install
+- install pq
   +- compile lib pq Debug native 2 errors
/home/chris/.cache/zig/p/N-V-__8AAFtMXAi66ac6zMPeIBt5tVnTQSyckKgjCq_nZvZo/src/include/parser/kwlist.h:499:40: error: excess elements in array initializer
PG_KEYWORD("whitespace", WHITESPACE_P, UNRESERVED_KEYWORD, BARE_LABEL)
                                       ^
/home/chris/.cache/zig/p/N-V-__8AAFtMXAi66ac6zMPeIBt5tVnTQSyckKgjCq_nZvZo/src/common/keywords.c:30:10: note: in file included from /home/chris/.cache/zig/p/N-V-__8AAFtMXAi66ac6zMPeIBt5tVnTQSyckKgjCq_nZvZo/src/common/keywords.c:30:
#include "parser/kwlist.h"
         ^
/home/chris/.cache/zig/p/N-V-__8AAFtMXAi66ac6zMPeIBt5tVnTQSyckKgjCq_nZvZo/src/include/common/keywords.h:20:29: note: expanded from macro 'UNRESERVED_KEYWORD'
#define UNRESERVED_KEYWORD  0
                            ^
/home/chris/.cache/zig/p/N-V-__8AAFtMXAi66ac6zMPeIBt5tVnTQSyckKgjCq_nZvZo/src/include/parser/kwlist.h:499:60: error: excess elements in array initializer
PG_KEYWORD("whitespace", WHITESPACE_P, UNRESERVED_KEYWORD, BARE_LABEL)
                                                           ^
/home/chris/.cache/zig/p/N-V-__8AAFtMXAi66ac6zMPeIBt5tVnTQSyckKgjCq_nZvZo/src/common/keywords.c:43:10: note: in file included from /home/chris/.cache/zig/p/N-V-__8AAFtMXAi66ac6zMPeIBt5tVnTQSyckKgjCq_nZvZo/src/common/keywords.c:43:
#include "parser/kwlist.h"
         ^
/home/chris/.cache/zig/p/N-V-__8AAFtMXAi66ac6zMPeIBt5tVnTQSyckKgjCq_nZvZo/src/common/keywords.c:39:20: note: expanded from macro 'BARE_LABEL'
#define BARE_LABEL true
                   ^
/home/chris/zig/lib/include/stdbool.h:25:14: note: expanded from macro 'true'
#define true 1
             ^
error: 2 compilation errors
failed command: /home/chris/zig/zig build-lib -cflags -fwrapv -fno-strict-aliasing -fexcess-precision=standard -Wno-unused-command-line-argument -Wno-compound-token-split-by-macro -Wno-format-truncation -Wno-cast-function-type-strict -Werror -Wall -Wpointer-arith -Wvla -Wunguarded-availability-new -Wendif-labels -Wmissing-format-attribute -Wformat-security -- /home/chris/.cache/zig/p/N-V-__8AAFtMXAi66ac6zMPeIBt5tVnTQSyckKgjCq_nZvZo/src/interfaces/libpq/fe-auth-scram.c /home/chris/.cache/zig/p/N-V-__8AAFtMXAi66ac6zMPeIBt5tVnTQSyckKgjCq_nZvZo/src/interfaces/libpq/fe-cancel.c /home/chris/.cache/zig/p/N-V-__8AAFtMXAi66ac6zMPeIBt5tVnTQSyckKgjCq_nZvZo/src/interfaces/libpq/fe-connect.c /home/chris/.cache/zig/p/N-V-__8AAFtMXAi66ac6zMPeIBt5tVnTQSyckKgjCq_nZvZo/src/interfaces/libpq/fe-exec.c /home/chris/.cache/zig/p/N-V-__8AAFtMXAi66ac6zMPeIBt5tVnTQSyckKgjCq_nZvZo/src/interfaces/libpq/fe-lobj.c /home/chris/.cache/zig/p/N-V-__8AAFtMXAi66ac6zMPeIBt5tVnTQSyckKgjCq_nZvZo/src/interfaces/libpq/fe-misc.c /home/chris/.cache/zig/p/N-V-__8AAFtMXAi66ac6zMPeIBt5tVnTQSyckKgjCq_nZvZo/src/interfaces/libpq/fe-print.c /home/chris/.cache/zig/p/N-V-__8AAFtMXAi66ac6zMPeIBt5tVnTQSyckKgjCq_nZvZo/src/interfaces/libpq/fe-protocol3.c /home/chris/.cache/zig/p/N-V-__8AAFtMXAi66ac6zMPeIBt5tVnTQSyckKgjCq_nZvZo/src/interfaces/libpq/fe-secure.c /home/chris/.cache/zig/p/N-V-__8AAFtMXAi66ac6zMPeIBt5tVnTQSyckKgjCq_nZvZo/src/interfaces/libpq/fe-trace.c /home/chris/.cache/zig/p/N-V-__8AAFtMXAi66ac6zMPeIBt5tVnTQSyckKgjCq_nZvZo/src/interfaces/libpq/legacy-pqsignal.c /home/chris/.cache/zig/p/N-V-__8AAFtMXAi66ac6zMPeIBt5tVnTQSyckKgjCq_nZvZo/src/interfaces/libpq/libpq-events.c /home/chris/.cache/zig/p/N-V-__8AAFtMXAi66ac6zMPeIBt5tVnTQSyckKgjCq_nZvZo/src/interfaces/libpq/pqexpbuffer.c /home/chris/.cache/zig/p/N-V-__8AAFtMXAi66ac6zMPeIBt5tVnTQSyckKgjCq_nZvZo/src/interfaces/libpq/fe-auth.c -cflags -fwrapv -fno-strict-aliasing -fexcess-precision=standard -Wno-unused-command-line-argument -Wno-compound-token-split-by-macro -Wno-format-truncation -Wno-cast-function-type-strict -Werror -Wall -Wpointer-arith -Wvla -Wunguarded-availability-new -Wendif-labels -Wmissing-format-attribute -Wformat-security -- /home/chris/.cache/zig/p/N-V-__8AAFtMXAi66ac6zMPeIBt5tVnTQSyckKgjCq_nZvZo/src/port/getpeereid.c /home/chris/.cache/zig/p/N-V-__8AAFtMXAi66ac6zMPeIBt5tVnTQSyckKgjCq_nZvZo/src/port/timingsafe_bcmp.c /home/chris/.cache/zig/p/N-V-__8AAFtMXAi66ac6zMPeIBt5tVnTQSyckKgjCq_nZvZo/src/port/pg_crc32c_sb8.c /home/chris/.cache/zig/p/N-V-__8AAFtMXAi66ac6zMPeIBt5tVnTQSyckKgjCq_nZvZo/src/port/bsearch_arg.c /home/chris/.cache/zig/p/N-V-__8AAFtMXAi66ac6zMPeIBt5tVnTQSyckKgjCq_nZvZo/src/port/chklocale.c /home/chris/.cache/zig/p/N-V-__8AAFtMXAi66ac6zMPeIBt5tVnTQSyckKgjCq_nZvZo/src/port/inet_net_ntop.c /home/chris/.cache/zig/p/N-V-__8AAFtMXAi66ac6zMPeIBt5tVnTQSyckKgjCq_nZvZo/src/port/noblock.c /home/chris/.cache/zig/p/N-V-__8AAFtMXAi66ac6zMPeIBt5tVnTQSyckKgjCq_nZvZo/src/port/path.c /home/chris/.cache/zig/p/N-V-__8AAFtMXAi66ac6zMPeIBt5tVnTQSyckKgjCq_nZvZo/src/port/pg_bitutils.c /home/chris/.cache/zig/p/N-V-__8AAFtMXAi66ac6zMPeIBt5tVnTQSyckKgjCq_nZvZo/src/port/pg_localeconv_r.c /home/chris/.cache/zig/p/N-V-__8AAFtMXAi66ac6zMPeIBt5tVnTQSyckKgjCq_nZvZo/src/port/pg_numa.c /home/chris/.cache/zig/p/N-V-__8AAFtMXAi66ac6zMPeIBt5tVnTQSyckKgjCq_nZvZo/src/port/pg_popcount_aarch64.c /home/chris/.cache/zig/p/N-V-__8AAFtMXAi66ac6zMPeIBt5tVnTQSyckKgjCq_nZvZo/src/port/pg_popcount_avx512.c /home/chris/.cache/zig/p/N-V-__8AAFtMXAi66ac6zMPeIBt5tVnTQSyckKgjCq_nZvZo/src/port/pg_strong_random.c /home/chris/.cache/zig/p/N-V-__8AAFtMXAi66ac6zMPeIBt5tVnTQSyckKgjCq_nZvZo/src/port/pgcheckdir.c /home/chris/.cache/zig/p/N-V-__8AAFtMXAi66ac6zMPeIBt5tVnTQSyckKgjCq_nZvZo/src/port/pgmkdirp.c /home/chris/.cache/zig/p/N-V-__8AAFtMXAi66ac6zMPeIBt5tVnTQSyckKgjCq_nZvZo/src/port/pgsleep.c /home/chris/.cache/zig/p/N-V-__8AAFtMXAi66ac6zMPeIBt5tVnTQSyckKgjCq_nZvZo/src/port/pgstrcasecmp.c /home/chris/.cache/zig/p/N-V-__8AAFtMXAi66ac6zMPeIBt5tVnTQSyckKgjCq_nZvZo/src/port/pgstrsignal.c /home/chris/.cache/zig/p/N-V-__8AAFtMXAi66ac6zMPeIBt5tVnTQSyckKgjCq_nZvZo/src/port/pqsignal.c /home/chris/.cache/zig/p/N-V-__8AAFtMXAi66ac6zMPeIBt5tVnTQSyckKgjCq_nZvZo/src/port/qsort.c /home/chris/.cache/zig/p/N-V-__8AAFtMXAi66ac6zMPeIBt5tVnTQSyckKgjCq_nZvZo/src/port/qsort_arg.c /home/chris/.cache/zig/p/N-V-__8AAFtMXAi66ac6zMPeIBt5tVnTQSyckKgjCq_nZvZo/src/port/quotes.c /home/chris/.cache/zig/p/N-V-__8AAFtMXAi66ac6zMPeIBt5tVnTQSyckKgjCq_nZvZo/src/port/snprintf.c /home/chris/.cache/zig/p/N-V-__8AAFtMXAi66ac6zMPeIBt5tVnTQSyckKgjCq_nZvZo/src/port/strerror.c /home/chris/.cache/zig/p/N-V-__8AAFtMXAi66ac6zMPeIBt5tVnTQSyckKgjCq_nZvZo/src/port/tar.c -cflags -fwrapv -fno-strict-aliasing -fexcess-precision=standard -Wno-unused-command-line-argument -Wno-compound-token-split-by-macro -Wno-format-truncation -Wno-cast-function-type-strict -Werror -Wall -Wpointer-arith -Wvla -Wunguarded-availability-new -Wendif-labels -Wmissing-format-attribute -Wformat-security -- /home/chris/.cache/zig/p/N-V-__8AAFtMXAi66ac6zMPeIBt5tVnTQSyckKgjCq_nZvZo/src/common/archive.c /home/chris/.cache/zig/p/N-V-__8AAFtMXAi66ac6zMPeIBt5tVnTQSyckKgjCq_nZvZo/src/common/base64.c /home/chris/.cache/zig/p/N-V-__8AAFtMXAi66ac6zMPeIBt5tVnTQSyckKgjCq_nZvZo/src/common/binaryheap.c /home/chris/.cache/zig/p/N-V-__8AAFtMXAi66ac6zMPeIBt5tVnTQSyckKgjCq_nZvZo/src/common/blkreftable.c /home/chris/.cache/zig/p/N-V-__8AAFtMXAi66ac6zMPeIBt5tVnTQSyckKgjCq_nZvZo/src/common/checksum_helper.c /home/chris/.cache/zig/p/N-V-__8AAFtMXAi66ac6zMPeIBt5tVnTQSyckKgjCq_nZvZo/src/common/compression.c /home/chris/.cache/zig/p/N-V-__8AAFtMXAi66ac6zMPeIBt5tVnTQSyckKgjCq_nZvZo/src/common/config_info.c /home/chris/.cache/zig/p/N-V-__8AAFtMXAi66ac6zMPeIBt5tVnTQSyckKgjCq_nZvZo/src/common/controldata_utils.c /home/chris/.cache/zig/p/N-V-__8AAFtMXAi66ac6zMPeIBt5tVnTQSyckKgjCq_nZvZo/src/common/d2s.c /home/chris/.cache/zig/p/N-V-__8AAFtMXAi66ac6zMPeIBt5tVnTQSyckKgjCq_nZvZo/src/common/encnames.c /home/chris/.cache/zig/p/N-V-__8AAFtMXAi66ac6zMPeIBt5tVnTQSyckKgjCq_nZvZo/src/common/exec.c /home/chris/.cache/zig/p/N-V-__8AAFtMXAi66ac6zMPeIBt5tVnTQSyckKgjCq_nZvZo/src/common/f2s.c /home/chris/.cache/zig/p/N-V-__8AAFtMXAi66ac6zMPeIBt5tVnTQSyckKgjCq_nZvZo/src/common/file_perm.c /home/chris/.cache/zig/p/N-V-__8AAFtMXAi66ac6zMPeIBt5tVnTQSyckKgjCq_nZvZo/src/common/file_utils.c /home/chris/.cache/zig/p/N-V-__8AAFtMXAi66ac6zMPeIBt5tVnTQSyckKgjCq_nZvZo/src/common/hashfn.c /home/chris/.cache/zig/p/N-V-__8AAFtMXAi66ac6zMPeIBt5tVnTQSyckKgjCq_nZvZo/src/common/ip.c /home/chris/.cache/zig/p/N-V-__8AAFtMXAi66ac6zMPeIBt5tVnTQSyckKgjCq_nZvZo/src/common/jsonapi.c /home/chris/.cache/zig/p/N-V-__8AAFtMXAi66ac6zMPeIBt5tVnTQSyckKgjCq_nZvZo/src/common/keywords.c /home/chris/.cache/zig/p/N-V-__8AAFtMXAi66ac6zMPeIBt5tVnTQSyckKgjCq_nZvZo/src/common/kwlookup.c /home/chris/.cache/zig/p/N-V-__8AAFtMXAi66ac6zMPeIBt5tVnTQSyckKgjCq_nZvZo/src/common/link-canary.c /home/chris/.cache/zig/p/N-V-__8AAFtMXAi66ac6zMPeIBt5tVnTQSyckKgjCq_nZvZo/src/common/md5_common.c /home/chris/.cache/zig/p/N-V-__8AAFtMXAi66ac6zMPeIBt5tVnTQSyckKgjCq_nZvZo/src/common/parse_manifest.c /home/chris/.cache/zig/p/N-V-__8AAFtMXAi66ac6zMPeIBt5tVnTQSyckKgjCq_nZvZo/src/common/percentrepl.c /home/chris/.cache/zig/p/N-V-__8AAFtMXAi66ac6zMPeIBt5tVnTQSyckKgjCq_nZvZo/src/common/pg_get_line.c /home/chris/.cache/zig/p/N-V-__8AAFtMXAi66ac6zMPeIBt5tVnTQSyckKgjCq_nZvZo/src/common/pg_lzcompress.c /home/chris/.cache/zig/p/N-V-__8AAFtMXAi66ac6zMPeIBt5tVnTQSyckKgjCq_nZvZo/src/common/pg_prng.c /home/chris/.cache/zig/p/N-V-__8AAFtMXAi66ac6zMPeIBt5tVnTQSyckKgjCq_nZvZo/src/common/pgfnames.c /home/chris/.cache/zig/p/N-V-__8AAFtMXAi66ac6zMPeIBt5tVnTQSyckKgjCq_nZvZo/src/common/psprintf.c /home/chris/.cache/zig/p/N-V-__8AAFtMXAi66ac6zMPeIBt5tVnTQSyckKgjCq_nZvZo/src/common/relpath.c /home/chris/.cache/zig/p/N-V-__8AAFtMXAi66ac6zMPeIBt5tVnTQSyckKgjCq_nZvZo/src/common/rmtree.c /home/chris/.cache/zig/p/N-V-__8AAFtMXAi66ac6zMPeIBt5tVnTQSyckKgjCq_nZvZo/src/common/saslprep.c /home/chris/.cache/zig/p/N-V-__8AAFtMXAi66ac6zMPeIBt5tVnTQSyckKgjCq_nZvZo/src/common/scram-common.c /home/chris/.cache/zig/p/N-V-__8AAFtMXAi66ac6zMPeIBt5tVnTQSyckKgjCq_nZvZo/src/common/string.c /home/chris/.cache/zig/p/N-V-__8AAFtMXAi66ac6zMPeIBt5tVnTQSyckKgjCq_nZvZo/src/common/stringinfo.c /home/chris/.cache/zig/p/N-V-__8AAFtMXAi66ac6zMPeIBt5tVnTQSyckKgjCq_nZvZo/src/common/unicode_case.c /home/chris/.cache/zig/p/N-V-__8AAFtMXAi66ac6zMPeIBt5tVnTQSyckKgjCq_nZvZo/src/common/unicode_category.c /home/chris/.cache/zig/p/N-V-__8AAFtMXAi66ac6zMPeIBt5tVnTQSyckKgjCq_nZvZo/src/common/unicode_norm.c /home/chris/.cache/zig/p/N-V-__8AAFtMXAi66ac6zMPeIBt5tVnTQSyckKgjCq_nZvZo/src/common/username.c /home/chris/.cache/zig/p/N-V-__8AAFtMXAi66ac6zMPeIBt5tVnTQSyckKgjCq_nZvZo/src/common/wait_error.c /home/chris/.cache/zig/p/N-V-__8AAFtMXAi66ac6zMPeIBt5tVnTQSyckKgjCq_nZvZo/src/common/wchar.c -cflags -fwrapv -fno-strict-aliasing -fexcess-precision=standard -Wno-unused-command-line-argument -Wno-compound-token-split-by-macro -Wno-format-truncation -Wno-cast-function-type-strict -Werror -Wall -Wpointer-arith -Wvla -Wunguarded-availability-new -Wendif-labels -Wmissing-format-attribute -Wformat-security -- /home/chris/.cache/zig/p/N-V-__8AAFtMXAi66ac6zMPeIBt5tVnTQSyckKgjCq_nZvZo/src/interfaces/libpq/fe-secure-common.c /home/chris/.cache/zig/p/N-V-__8AAFtMXAi66ac6zMPeIBt5tVnTQSyckKgjCq_nZvZo/src/interfaces/libpq/fe-secure-openssl.c -cflags -fwrapv -fno-strict-aliasing -fexcess-precision=standard -Wno-unused-command-line-argument -Wno-compound-token-split-by-macro -Wno-format-truncation -Wno-cast-function-type-strict -Werror -Wall -Wpointer-arith -Wvla -Wunguarded-availability-new -Wendif-labels -Wmissing-format-attribute -Wformat-security -- /home/chris/.cache/zig/p/N-V-__8AAFtMXAi66ac6zMPeIBt5tVnTQSyckKgjCq_nZvZo/src/common/cryptohash_openssl.c /home/chris/.cache/zig/p/N-V-__8AAFtMXAi66ac6zMPeIBt5tVnTQSyckKgjCq_nZvZo/src/common/hmac_openssl.c -cflags -fwrapv -fno-strict-aliasing -fexcess-precision=standard -Wno-unused-command-line-argument -Wno-compound-token-split-by-macro -Wno-format-truncation -Wno-cast-function-type-strict -Werror -Wall -Wpointer-arith -Wvla -Wunguarded-availability-new -Wendif-labels -Wmissing-format-attribute -Wformat-security -- /home/chris/.cache/zig/p/N-V-__8AAFtMXAi66ac6zMPeIBt5tVnTQSyckKgjCq_nZvZo/src/port/strlcat.c /home/chris/.cache/zig/p/N-V-__8AAFtMXAi66ac6zMPeIBt5tVnTQSyckKgjCq_nZvZo/src/port/strlcpy.c -ODebug -I /home/chris/.cache/zig/p/N-V-__8AAFtMXAi66ac6zMPeIBt5tVnTQSyckKgjCq_nZvZo/src/include -I /home/chris/source/libpq/include -I .zig-cache/o/da2a569d314bab2bdc9bc48f24c03921 -I .zig-cache/o/13f3638e9a2856207ffac7bfcdcf7ea7 -I .zig-cache/o/934cea305318022d3d52446f8e493588 -I .zig-cache/o/f5e65733d3dafd953e3fd11f0f448b2a -I .zig-cache/o/5765e813275011b9939010c569d6fb8a -I .zig-cache/o/24b5a99f7c00b94103800a5e1b60d227 -DFRONTEND=1 -D_GNU_SOURCE=1 -Mroot -lc --cache-dir .zig-cache --global-cache-dir /home/chris/.cache/zig --name pq -static --zig-lib-dir /home/chris/zig/lib/ --listen=-

Build Summary: 9/12 steps succeeded (1 failed)
install transitive failure
+- install pq transitive failure
   +- compile lib pq Debug native 2 errors

error: the following build command failed with exit code 1:
.zig-cache/o/910974db6c29c9383aa44cc0710a5496/build /home/chris/zig/zig /home/chris/zig/lib /home/chris/source/libpq .zig-cache /home/chris/.cache/zig --seed 0xe371ee10 -Z82f5127d4d706a28 -Dssl=OpenSSL
